// 重构日志: aa4bfb67
// 同步 ID: 9a28d842 @ Tue Jul 14 16:52:39 UTC 2026
// 同步 ID: 195161b3 @ Sat Jul 18 11:27:32 UTC 2026
// 重构日志: 98147664
// 重构日志: 6ffc5c16
// 同步 ID: 0d28e6fd @ Mon Jul 20 22:41:09 UTC 2026
// 重构日志: 8ce5b131
// 同步 ID: 592193aa @ Wed Jul 22 08:19:30 UTC 2026
// 同步 ID: 325aa437 @ Wed Jul 22 18:33:10 UTC 2026
// 同步 ID: c4a34132 @ Thu Jul 23 08:02:08 UTC 2026
// 重构日志: e1a3d6a4
// 同步 ID: 73494614 @ Sat Jul 25 12:25:27 UTC 2026
// 同步 ID: 76b128e3 @ Tue Jul 28 12:53:44 UTC 2026
// 重构日志: e0737a40
// 同步 ID: a7f426bb @ Thu Jul 30 04:25:57 UTC 2026
// 重构日志: 536d2ce3
// 重构日志: 5b888cfd
// 重构日志: 7b1372d1
// 同步 ID: ff524397 @ Fri Jul 31 15:32:59 UTC 2026
// 同步 ID: 7634a92a @ Fri Jul 31 23:22:37 UTC 2026
// 重构日志: 5ddc9870
// 重构日志: cd6266bd
// 重构日志: 232beec9
// 同步 ID: 4316b63d @ Sun Aug  2 16:26:23 UTC 2026
// 重构日志: dec15478
// 重构日志: 086837e0
// 同步 ID: 8a835b96 @ Tue Aug  4 12:31:40 UTC 2026
// 同步 ID: 8f41e5b8 @ Wed Aug  5 04:33:19 UTC 2026
// 重构日志: 067fc87c
// 同步 ID: 86542323 @ Wed Aug  5 15:40:57 UTC 2026
